
admin@DESKTOP-HSEI9NM MINGW64 ~/Desktop/Git
$ git init
Initialized empty Git repository in C:/Users/admin/Desktop/Git/.git/

admin@DESKTOP-HSEI9NM MINGW64 ~/Desktop/Git (master)
$ git config --global user.name "shashi0105"

admin@DESKTOP-HSEI9NM MINGW64 ~/Desktop/Git (master)
$ git config --global user.email "shashikantkad@gmail.com"

admin@DESKTOP-HSEI9NM MINGW64 ~/Desktop/Git (master)
$ git remote origin https://github.com/shashi0105/LearningGit.git
error: Unknown subcommand: origin
usage: git remote [-v | --verbose]
   or: git remote add [-t <branch>] [-m <master>] [-f] [--tags | --no-tags] [--mirror=<fetch|push>] <name> <url>
   or: git remote rename <old> <new>
   or: git remote remove <name>
   or: git remote set-head <name> (-a | --auto | -d | --delete | <branch>)
   or: git remote [-v | --verbose] show [-n] <name>
   or: git remote prune [-n | --dry-run] <name>
   or: git remote [-v | --verbose] update [-p | --prune] [(<group> | <remote>)...]
   or: git remote set-branches [--add] <name> <branch>...
   or: git remote get-url [--push] [--all] <name>
   or: git remote set-url [--push] <name> <newurl> [<oldurl>]
   or: git remote set-url --add <name> <newurl>
   or: git remote set-url --delete <name> <url>

    -v, --verbose         be verbose; must be placed before a subcommand


admin@DESKTOP-HSEI9NM MINGW64 ~/Desktop/Git (master)
$ git add remote origin https://github.com/shashi0105/LearningGit.git
fatal: pathspec 'remote' did not match any files

admin@DESKTOP-HSEI9NM MINGW64 ~/Desktop/Git (master)
$ git remote add origin https://github.com/shashi0105/LearningGit.git

admin@DESKTOP-HSEI9NM MINGW64 ~/Desktop/Git (master)
$ git status
On branch master

No commits yet

Untracked files:
  (use "git add <file>..." to include in what will be committed)

        GitModule1.txt

nothing added to commit but untracked files present (use "git add" to track)

admin@DESKTOP-HSEI9NM MINGW64 ~/Desktop/Git (master)
$ git add GitModule1.txt

admin@DESKTOP-HSEI9NM MINGW64 ~/Desktop/Git (master)
$ git status
On branch master

No commits yet

Changes to be committed:
  (use "git rm --cached <file>..." to unstage)

        new file:   GitModule1.txt


admin@DESKTOP-HSEI9NM MINGW64 ~/Desktop/Git (master)
$ git commit -m "Added First line"
[master (root-commit) 9347061] Added First line
 1 file changed, 1 insertion(+)
 create mode 100644 GitModule1.txt

admin@DESKTOP-HSEI9NM MINGW64 ~/Desktop/Git (master)
$ git push origin master
fatal: TaskCanceledException encountered.
   A task was canceled.
Username for 'https://github.com':
remote: Anonymous access to shashi0105/LearningGit.git denied.
fatal: Authentication failed for 'https://github.com/shashi0105/LearningGit.git/'

admin@DESKTOP-HSEI9NM MINGW64 ~/Desktop/Git (master)
$ git status
On branch master
nothing to commit, working tree clean

admin@DESKTOP-HSEI9NM MINGW64 ~/Desktop/Git (master)
$ git status
On branch master
nothing to commit, working tree clean

admin@DESKTOP-HSEI9NM MINGW64 ~/Desktop/Git (master)
$ git add .

admin@DESKTOP-HSEI9NM MINGW64 ~/Desktop/Git (master)
$ git push origin master
Logon failed, use ctrl+c to cancel basic credential prompt.
Username for 'https://github.com': shashi0105
remote: Invalid username or password.
fatal: Authentication failed for 'https://github.com/shashi0105/LearningGit.git/'

admin@DESKTOP-HSEI9NM MINGW64 ~/Desktop/Git (master)
$ git push origin master
Enumerating objects: 3, done.
Counting objects: 100% (3/3), done.
Writing objects: 100% (3/3), 269 bytes | 53.00 KiB/s, done.
Total 3 (delta 0), reused 0 (delta 0)
To https://github.com/shashi0105/LearningGit.git
 * [new branch]      master -> master

admin@DESKTOP-HSEI9NM MINGW64 ~/Desktop/Git (master)
$ git status
On branch master
Untracked files:
  (use "git add <file>..." to include in what will be committed)

        module2.txt
        module3.txt

nothing added to commit but untracked files present (use "git add" to track)

admin@DESKTOP-HSEI9NM MINGW64 ~/Desktop/Git (master)
$ git add .

admin@DESKTOP-HSEI9NM MINGW64 ~/Desktop/Git (master)
$ git status
On branch master
Changes to be committed:
  (use "git reset HEAD <file>..." to unstage)

        new file:   module2.txt
        new file:   module3.txt


admin@DESKTOP-HSEI9NM MINGW64 ~/Desktop/Git (master)
$ git commit -m "Added 2 new files"
[master f336f5e] Added 2 new files
 2 files changed, 2 insertions(+)
 create mode 100644 module2.txt
 create mode 100644 module3.txt

admin@DESKTOP-HSEI9NM MINGW64 ~/Desktop/Git (master)
$ git push origin master
Enumerating objects: 5, done.
Counting objects: 100% (5/5), done.
Delta compression using up to 4 threads
Compressing objects: 100% (2/2), done.
Writing objects: 100% (4/4), 385 bytes | 64.00 KiB/s, done.
Total 4 (delta 0), reused 0 (delta 0)
To https://github.com/shashi0105/LearningGit.git
   9347061..f336f5e  master -> master

admin@DESKTOP-HSEI9NM MINGW64 ~/Desktop/Git (master)
$
